WRITE 0 10 9000
DISK ARRAY: WRITE DISK 0 BLOCK 0
DISK ARRAY: WRITE DISK 0 BLOCK 1
DISK ARRAY: WRITE DISK 1 BLOCK 0
DISK ARRAY: WRITE DISK 1 BLOCK 1
DISK ARRAY: WRITE DISK 2 BLOCK 0
DISK ARRAY: WRITE DISK 2 BLOCK 1
DISK ARRAY: WRITE DISK 3 BLOCK 0
DISK ARRAY: WRITE DISK 3 BLOCK 1
DISK ARRAY: WRITE DISK 4 BLOCK 0
DISK ARRAY: WRITE DISK 4 BLOCK 1
READ 0 10
DISK ARRAY: READ DISK 0 BLOCK 0
9000 DISK ARRAY: READ DISK 0 BLOCK 1
9000 DISK ARRAY: READ DISK 1 BLOCK 0
9000 DISK ARRAY: READ DISK 1 BLOCK 1
9000 DISK ARRAY: READ DISK 2 BLOCK 0
9000 DISK ARRAY: READ DISK 2 BLOCK 1
9000 DISK ARRAY: READ DISK 3 BLOCK 0
9000 DISK ARRAY: READ DISK 3 BLOCK 1
9000 DISK ARRAY: READ DISK 4 BLOCK 0
9000 DISK ARRAY: READ DISK 4 BLOCK 1
9000 FAIL 1
DISK ARRAY: FAIL DISK 1
	 READS: 2
	WRITES: 2
READ 0 10
DISK ARRAY: READ DISK 0 BLOCK 0
9000 DISK ARRAY: READ DISK 0 BLOCK 1
9000 DISK ARRAY: READ DISK 1 BLOCK 0
ERROR DISK ARRAY: READ DISK 1 BLOCK 1
ERROR DISK ARRAY: READ DISK 2 BLOCK 0
9000 DISK ARRAY: READ DISK 2 BLOCK 1
9000 DISK ARRAY: READ DISK 3 BLOCK 0
9000 DISK ARRAY: READ DISK 3 BLOCK 1
9000 DISK ARRAY: READ DISK 4 BLOCK 0
9000 DISK ARRAY: READ DISK 4 BLOCK 1
9000 RECOVER 1
DISK ARRAY: RECOVER DISK 1
READ 0 10
DISK ARRAY: READ DISK 0 BLOCK 0
9000 DISK ARRAY: READ DISK 0 BLOCK 1
9000 DISK ARRAY: READ DISK 1 BLOCK 0
0 DISK ARRAY: READ DISK 1 BLOCK 1
0 DISK ARRAY: READ DISK 2 BLOCK 0
9000 DISK ARRAY: READ DISK 2 BLOCK 1
9000 DISK ARRAY: READ DISK 3 BLOCK 0
9000 DISK ARRAY: READ DISK 3 BLOCK 1
9000 DISK ARRAY: READ DISK 4 BLOCK 0
9000 DISK ARRAY: READ DISK 4 BLOCK 1
9000 FAIL 0
DISK ARRAY: FAIL DISK 0
	 READS: 6
	WRITES: 2
READ 0 10
DISK ARRAY: READ DISK 0 BLOCK 0
ERROR DISK ARRAY: READ DISK 0 BLOCK 1
ERROR DISK ARRAY: READ DISK 1 BLOCK 0
0 DISK ARRAY: READ DISK 1 BLOCK 1
0 DISK ARRAY: READ DISK 2 BLOCK 0
9000 DISK ARRAY: READ DISK 2 BLOCK 1
9000 DISK ARRAY: READ DISK 3 BLOCK 0
9000 DISK ARRAY: READ DISK 3 BLOCK 1
9000 DISK ARRAY: READ DISK 4 BLOCK 0
9000 DISK ARRAY: READ DISK 4 BLOCK 1
9000 FAIL 1
DISK ARRAY: FAIL DISK 1
	 READS: 4
	WRITES: 0
READ 0 10
DISK ARRAY: READ DISK 0 BLOCK 0
ERROR DISK ARRAY: READ DISK 0 BLOCK 1
ERROR DISK ARRAY: READ DISK 1 BLOCK 0
ERROR DISK ARRAY: READ DISK 1 BLOCK 1
ERROR DISK ARRAY: READ DISK 2 BLOCK 0
9000 DISK ARRAY: READ DISK 2 BLOCK 1
9000 DISK ARRAY: READ DISK 3 BLOCK 0
9000 DISK ARRAY: READ DISK 3 BLOCK 1
9000 DISK ARRAY: READ DISK 4 BLOCK 0
9000 DISK ARRAY: READ DISK 4 BLOCK 1
9000 END
STATS FOR DISK 2
	 READS: 10
	WRITES: 2
STATS FOR DISK 3
	 READS: 10
	WRITES: 2
STATS FOR DISK 4
	 READS: 10
	WRITES: 2
STATS FOR DISK 5
	 READS: 0
	WRITES: 0
