WRITE 0 10 9000
DISK ARRAY: WRITE DISK 0 BLOCK 0
DISK ARRAY: WRITE DISK 1 BLOCK 0
DISK ARRAY: WRITE DISK 0 BLOCK 1
DISK ARRAY: WRITE DISK 1 BLOCK 1
DISK ARRAY: WRITE DISK 2 BLOCK 0
DISK ARRAY: WRITE DISK 3 BLOCK 0
DISK ARRAY: WRITE DISK 2 BLOCK 1
DISK ARRAY: WRITE DISK 3 BLOCK 1
DISK ARRAY: WRITE DISK 4 BLOCK 0
DISK ARRAY: WRITE DISK 5 BLOCK 0
DISK ARRAY: WRITE DISK 4 BLOCK 1
DISK ARRAY: WRITE DISK 5 BLOCK 1
DISK ARRAY: WRITE DISK 0 BLOCK 2
DISK ARRAY: WRITE DISK 1 BLOCK 2
DISK ARRAY: WRITE DISK 0 BLOCK 3
DISK ARRAY: WRITE DISK 1 BLOCK 3
DISK ARRAY: WRITE DISK 2 BLOCK 2
DISK ARRAY: WRITE DISK 3 BLOCK 2
DISK ARRAY: WRITE DISK 2 BLOCK 3
DISK ARRAY: WRITE DISK 3 BLOCK 3
READ 0 10
DISK ARRAY: READ DISK 0 BLOCK 0
9000 DISK ARRAY: READ DISK 0 BLOCK 1
9000 DISK ARRAY: READ DISK 2 BLOCK 0
9000 DISK ARRAY: READ DISK 2 BLOCK 1
9000 DISK ARRAY: READ DISK 4 BLOCK 0
9000 DISK ARRAY: READ DISK 4 BLOCK 1
9000 DISK ARRAY: READ DISK 0 BLOCK 2
9000 DISK ARRAY: READ DISK 0 BLOCK 3
9000 DISK ARRAY: READ DISK 2 BLOCK 2
9000 DISK ARRAY: READ DISK 2 BLOCK 3
9000 FAIL 1
DISK ARRAY: FAIL DISK 1
	 READS: 0
	WRITES: 4
READ 0 10
DISK ARRAY: READ DISK 0 BLOCK 0
9000 DISK ARRAY: READ DISK 0 BLOCK 1
9000 DISK ARRAY: READ DISK 2 BLOCK 0
9000 DISK ARRAY: READ DISK 2 BLOCK 1
9000 DISK ARRAY: READ DISK 4 BLOCK 0
9000 DISK ARRAY: READ DISK 4 BLOCK 1
9000 DISK ARRAY: READ DISK 0 BLOCK 2
9000 DISK ARRAY: READ DISK 0 BLOCK 3
9000 DISK ARRAY: READ DISK 2 BLOCK 2
9000 DISK ARRAY: READ DISK 2 BLOCK 3
9000 RECOVER 1
DISK ARRAY: RECOVER DISK 1
DISK ARRAY: READ DISK 0 BLOCK 0
DISK ARRAY: WRITE DISK 1 BLOCK 0
DISK ARRAY: READ DISK 0 BLOCK 1
DISK ARRAY: WRITE DISK 1 BLOCK 1
DISK ARRAY: READ DISK 0 BLOCK 2
DISK ARRAY: WRITE DISK 1 BLOCK 2
DISK ARRAY: READ DISK 0 BLOCK 3
DISK ARRAY: WRITE DISK 1 BLOCK 3
DISK ARRAY: READ DISK 0 BLOCK 4
DISK ARRAY: WRITE DISK 1 BLOCK 4
DISK ARRAY: READ DISK 0 BLOCK 5
DISK ARRAY: WRITE DISK 1 BLOCK 5
DISK ARRAY: READ DISK 0 BLOCK 6
DISK ARRAY: WRITE DISK 1 BLOCK 6
DISK ARRAY: READ DISK 0 BLOCK 7
DISK ARRAY: WRITE DISK 1 BLOCK 7
DISK ARRAY: READ DISK 0 BLOCK 8
DISK ARRAY: WRITE DISK 1 BLOCK 8
DISK ARRAY: READ DISK 0 BLOCK 9
DISK ARRAY: WRITE DISK 1 BLOCK 9
DISK ARRAY: READ DISK 0 BLOCK 10
DISK ARRAY: WRITE DISK 1 BLOCK 10
DISK ARRAY: READ DISK 0 BLOCK 11
DISK ARRAY: WRITE DISK 1 BLOCK 11
DISK ARRAY: READ DISK 0 BLOCK 12
DISK ARRAY: WRITE DISK 1 BLOCK 12
DISK ARRAY: READ DISK 0 BLOCK 13
DISK ARRAY: WRITE DISK 1 BLOCK 13
DISK ARRAY: READ DISK 0 BLOCK 14
DISK ARRAY: WRITE DISK 1 BLOCK 14
DISK ARRAY: READ DISK 0 BLOCK 15
DISK ARRAY: WRITE DISK 1 BLOCK 15
DISK ARRAY: READ DISK 0 BLOCK 16
DISK ARRAY: WRITE DISK 1 BLOCK 16
DISK ARRAY: READ DISK 0 BLOCK 17
DISK ARRAY: WRITE DISK 1 BLOCK 17
DISK ARRAY: READ DISK 0 BLOCK 18
DISK ARRAY: WRITE DISK 1 BLOCK 18
DISK ARRAY: READ DISK 0 BLOCK 19
DISK ARRAY: WRITE DISK 1 BLOCK 19
DISK ARRAY: READ DISK 0 BLOCK 20
DISK ARRAY: WRITE DISK 1 BLOCK 20
DISK ARRAY: READ DISK 0 BLOCK 21
DISK ARRAY: WRITE DISK 1 BLOCK 21
DISK ARRAY: READ DISK 0 BLOCK 22
DISK ARRAY: WRITE DISK 1 BLOCK 22
DISK ARRAY: READ DISK 0 BLOCK 23
DISK ARRAY: WRITE DISK 1 BLOCK 23
DISK ARRAY: READ DISK 0 BLOCK 24
DISK ARRAY: WRITE DISK 1 BLOCK 24
DISK ARRAY: READ DISK 0 BLOCK 25
DISK ARRAY: WRITE DISK 1 BLOCK 25
DISK ARRAY: READ DISK 0 BLOCK 26
DISK ARRAY: WRITE DISK 1 BLOCK 26
DISK ARRAY: READ DISK 0 BLOCK 27
DISK ARRAY: WRITE DISK 1 BLOCK 27
DISK ARRAY: READ DISK 0 BLOCK 28
DISK ARRAY: WRITE DISK 1 BLOCK 28
DISK ARRAY: READ DISK 0 BLOCK 29
DISK ARRAY: WRITE DISK 1 BLOCK 29
DISK ARRAY: READ DISK 0 BLOCK 30
DISK ARRAY: WRITE DISK 1 BLOCK 30
DISK ARRAY: READ DISK 0 BLOCK 31
DISK ARRAY: WRITE DISK 1 BLOCK 31
DISK ARRAY: READ DISK 0 BLOCK 32
DISK ARRAY: WRITE DISK 1 BLOCK 32
DISK ARRAY: READ DISK 0 BLOCK 33
DISK ARRAY: WRITE DISK 1 BLOCK 33
DISK ARRAY: READ DISK 0 BLOCK 34
DISK ARRAY: WRITE DISK 1 BLOCK 34
DISK ARRAY: READ DISK 0 BLOCK 35
DISK ARRAY: WRITE DISK 1 BLOCK 35
DISK ARRAY: READ DISK 0 BLOCK 36
DISK ARRAY: WRITE DISK 1 BLOCK 36
DISK ARRAY: READ DISK 0 BLOCK 37
DISK ARRAY: WRITE DISK 1 BLOCK 37
DISK ARRAY: READ DISK 0 BLOCK 38
DISK ARRAY: WRITE DISK 1 BLOCK 38
DISK ARRAY: READ DISK 0 BLOCK 39
DISK ARRAY: WRITE DISK 1 BLOCK 39
DISK ARRAY: READ DISK 0 BLOCK 40
DISK ARRAY: WRITE DISK 1 BLOCK 40
DISK ARRAY: READ DISK 0 BLOCK 41
DISK ARRAY: WRITE DISK 1 BLOCK 41
DISK ARRAY: READ DISK 0 BLOCK 42
DISK ARRAY: WRITE DISK 1 BLOCK 42
DISK ARRAY: READ DISK 0 BLOCK 43
DISK ARRAY: WRITE DISK 1 BLOCK 43
DISK ARRAY: READ DISK 0 BLOCK 44
DISK ARRAY: WRITE DISK 1 BLOCK 44
DISK ARRAY: READ DISK 0 BLOCK 45
DISK ARRAY: WRITE DISK 1 BLOCK 45
DISK ARRAY: READ DISK 0 BLOCK 46
DISK ARRAY: WRITE DISK 1 BLOCK 46
DISK ARRAY: READ DISK 0 BLOCK 47
DISK ARRAY: WRITE DISK 1 BLOCK 47
DISK ARRAY: READ DISK 0 BLOCK 48
DISK ARRAY: WRITE DISK 1 BLOCK 48
DISK ARRAY: READ DISK 0 BLOCK 49
DISK ARRAY: WRITE DISK 1 BLOCK 49
DISK ARRAY: READ DISK 0 BLOCK 50
DISK ARRAY: WRITE DISK 1 BLOCK 50
DISK ARRAY: READ DISK 0 BLOCK 51
DISK ARRAY: WRITE DISK 1 BLOCK 51
DISK ARRAY: READ DISK 0 BLOCK 52
DISK ARRAY: WRITE DISK 1 BLOCK 52
DISK ARRAY: READ DISK 0 BLOCK 53
DISK ARRAY: WRITE DISK 1 BLOCK 53
DISK ARRAY: READ DISK 0 BLOCK 54
DISK ARRAY: WRITE DISK 1 BLOCK 54
DISK ARRAY: READ DISK 0 BLOCK 55
DISK ARRAY: WRITE DISK 1 BLOCK 55
DISK ARRAY: READ DISK 0 BLOCK 56
DISK ARRAY: WRITE DISK 1 BLOCK 56
DISK ARRAY: READ DISK 0 BLOCK 57
DISK ARRAY: WRITE DISK 1 BLOCK 57
DISK ARRAY: READ DISK 0 BLOCK 58
DISK ARRAY: WRITE DISK 1 BLOCK 58
DISK ARRAY: READ DISK 0 BLOCK 59
DISK ARRAY: WRITE DISK 1 BLOCK 59
DISK ARRAY: READ DISK 0 BLOCK 60
DISK ARRAY: WRITE DISK 1 BLOCK 60
DISK ARRAY: READ DISK 0 BLOCK 61
DISK ARRAY: WRITE DISK 1 BLOCK 61
DISK ARRAY: READ DISK 0 BLOCK 62
DISK ARRAY: WRITE DISK 1 BLOCK 62
DISK ARRAY: READ DISK 0 BLOCK 63
DISK ARRAY: WRITE DISK 1 BLOCK 63
DISK ARRAY: READ DISK 0 BLOCK 64
DISK ARRAY: WRITE DISK 1 BLOCK 64
DISK ARRAY: READ DISK 0 BLOCK 65
DISK ARRAY: WRITE DISK 1 BLOCK 65
DISK ARRAY: READ DISK 0 BLOCK 66
DISK ARRAY: WRITE DISK 1 BLOCK 66
DISK ARRAY: READ DISK 0 BLOCK 67
DISK ARRAY: WRITE DISK 1 BLOCK 67
DISK ARRAY: READ DISK 0 BLOCK 68
DISK ARRAY: WRITE DISK 1 BLOCK 68
DISK ARRAY: READ DISK 0 BLOCK 69
DISK ARRAY: WRITE DISK 1 BLOCK 69
DISK ARRAY: READ DISK 0 BLOCK 70
DISK ARRAY: WRITE DISK 1 BLOCK 70
DISK ARRAY: READ DISK 0 BLOCK 71
DISK ARRAY: WRITE DISK 1 BLOCK 71
DISK ARRAY: READ DISK 0 BLOCK 72
DISK ARRAY: WRITE DISK 1 BLOCK 72
DISK ARRAY: READ DISK 0 BLOCK 73
DISK ARRAY: WRITE DISK 1 BLOCK 73
DISK ARRAY: READ DISK 0 BLOCK 74
DISK ARRAY: WRITE DISK 1 BLOCK 74
DISK ARRAY: READ DISK 0 BLOCK 75
DISK ARRAY: WRITE DISK 1 BLOCK 75
DISK ARRAY: READ DISK 0 BLOCK 76
DISK ARRAY: WRITE DISK 1 BLOCK 76
DISK ARRAY: READ DISK 0 BLOCK 77
DISK ARRAY: WRITE DISK 1 BLOCK 77
DISK ARRAY: READ DISK 0 BLOCK 78
DISK ARRAY: WRITE DISK 1 BLOCK 78
DISK ARRAY: READ DISK 0 BLOCK 79
DISK ARRAY: WRITE DISK 1 BLOCK 79
DISK ARRAY: READ DISK 0 BLOCK 80
DISK ARRAY: WRITE DISK 1 BLOCK 80
DISK ARRAY: READ DISK 0 BLOCK 81
DISK ARRAY: WRITE DISK 1 BLOCK 81
DISK ARRAY: READ DISK 0 BLOCK 82
DISK ARRAY: WRITE DISK 1 BLOCK 82
DISK ARRAY: READ DISK 0 BLOCK 83
DISK ARRAY: WRITE DISK 1 BLOCK 83
DISK ARRAY: READ DISK 0 BLOCK 84
DISK ARRAY: WRITE DISK 1 BLOCK 84
DISK ARRAY: READ DISK 0 BLOCK 85
DISK ARRAY: WRITE DISK 1 BLOCK 85
DISK ARRAY: READ DISK 0 BLOCK 86
DISK ARRAY: WRITE DISK 1 BLOCK 86
DISK ARRAY: READ DISK 0 BLOCK 87
DISK ARRAY: WRITE DISK 1 BLOCK 87
DISK ARRAY: READ DISK 0 BLOCK 88
DISK ARRAY: WRITE DISK 1 BLOCK 88
DISK ARRAY: READ DISK 0 BLOCK 89
DISK ARRAY: WRITE DISK 1 BLOCK 89
DISK ARRAY: READ DISK 0 BLOCK 90
DISK ARRAY: WRITE DISK 1 BLOCK 90
DISK ARRAY: READ DISK 0 BLOCK 91
DISK ARRAY: WRITE DISK 1 BLOCK 91
DISK ARRAY: READ DISK 0 BLOCK 92
DISK ARRAY: WRITE DISK 1 BLOCK 92
DISK ARRAY: READ DISK 0 BLOCK 93
DISK ARRAY: WRITE DISK 1 BLOCK 93
DISK ARRAY: READ DISK 0 BLOCK 94
DISK ARRAY: WRITE DISK 1 BLOCK 94
DISK ARRAY: READ DISK 0 BLOCK 95
DISK ARRAY: WRITE DISK 1 BLOCK 95
DISK ARRAY: READ DISK 0 BLOCK 96
DISK ARRAY: WRITE DISK 1 BLOCK 96
DISK ARRAY: READ DISK 0 BLOCK 97
DISK ARRAY: WRITE DISK 1 BLOCK 97
DISK ARRAY: READ DISK 0 BLOCK 98
DISK ARRAY: WRITE DISK 1 BLOCK 98
DISK ARRAY: READ DISK 0 BLOCK 99
DISK ARRAY: WRITE DISK 1 BLOCK 99
READ 0 10
DISK ARRAY: READ DISK 0 BLOCK 0
9000 DISK ARRAY: READ DISK 0 BLOCK 1
9000 DISK ARRAY: READ DISK 2 BLOCK 0
9000 DISK ARRAY: READ DISK 2 BLOCK 1
9000 DISK ARRAY: READ DISK 4 BLOCK 0
9000 DISK ARRAY: READ DISK 4 BLOCK 1
9000 DISK ARRAY: READ DISK 0 BLOCK 2
9000 DISK ARRAY: READ DISK 0 BLOCK 3
9000 DISK ARRAY: READ DISK 2 BLOCK 2
9000 DISK ARRAY: READ DISK 2 BLOCK 3
9000 FAIL 0
DISK ARRAY: FAIL DISK 0
	 READS: 112
	WRITES: 4
READ 0 10
DISK ARRAY: READ DISK 0 BLOCK 0
DISK ARRAY: READ DISK 1 BLOCK 0
9000 DISK ARRAY: READ DISK 0 BLOCK 1
DISK ARRAY: READ DISK 1 BLOCK 1
9000 DISK ARRAY: READ DISK 2 BLOCK 0
9000 DISK ARRAY: READ DISK 2 BLOCK 1
9000 DISK ARRAY: READ DISK 4 BLOCK 0
9000 DISK ARRAY: READ DISK 4 BLOCK 1
9000 DISK ARRAY: READ DISK 0 BLOCK 2
DISK ARRAY: READ DISK 1 BLOCK 2
9000 DISK ARRAY: READ DISK 0 BLOCK 3
DISK ARRAY: READ DISK 1 BLOCK 3
9000 DISK ARRAY: READ DISK 2 BLOCK 2
9000 DISK ARRAY: READ DISK 2 BLOCK 3
9000 FAIL 1
DISK ARRAY: FAIL DISK 1
	 READS: 4
	WRITES: 100
READ 0 10
DISK ARRAY: READ DISK 0 BLOCK 0
DISK ARRAY: READ DISK 1 BLOCK 0
ERROR DISK ARRAY: READ DISK 0 BLOCK 1
DISK ARRAY: READ DISK 1 BLOCK 1
ERROR DISK ARRAY: READ DISK 2 BLOCK 0
9000 DISK ARRAY: READ DISK 2 BLOCK 1
9000 DISK ARRAY: READ DISK 4 BLOCK 0
9000 DISK ARRAY: READ DISK 4 BLOCK 1
9000 DISK ARRAY: READ DISK 0 BLOCK 2
DISK ARRAY: READ DISK 1 BLOCK 2
ERROR DISK ARRAY: READ DISK 0 BLOCK 3
DISK ARRAY: READ DISK 1 BLOCK 3
ERROR DISK ARRAY: READ DISK 2 BLOCK 2
9000 DISK ARRAY: READ DISK 2 BLOCK 3
9000 END
STATS FOR DISK 2
	 READS: 20
	WRITES: 4
STATS FOR DISK 3
	 READS: 0
	WRITES: 4
STATS FOR DISK 4
	 READS: 10
	WRITES: 2
STATS FOR DISK 5
	 READS: 0
	WRITES: 2
