WRITE 0 10 1000 
DISK ARRAY: WRITE DISK 0 BLOCK 0
DISK ARRAY: WRITE DISK 0 BLOCK 1
DISK ARRAY: WRITE DISK 0 BLOCK 2
DISK ARRAY: WRITE DISK 0 BLOCK 3
DISK ARRAY: WRITE DISK 0 BLOCK 4
DISK ARRAY: WRITE DISK 1 BLOCK 0
DISK ARRAY: WRITE DISK 1 BLOCK 1
DISK ARRAY: WRITE DISK 1 BLOCK 2
DISK ARRAY: WRITE DISK 1 BLOCK 3
DISK ARRAY: WRITE DISK 1 BLOCK 4
READ 0 10
DISK ARRAY: READ DISK 0 BLOCK 0
1000 DISK ARRAY: READ DISK 0 BLOCK 1
1000 DISK ARRAY: READ DISK 0 BLOCK 2
1000 DISK ARRAY: READ DISK 0 BLOCK 3
1000 DISK ARRAY: READ DISK 0 BLOCK 4
1000 DISK ARRAY: READ DISK 1 BLOCK 0
1000 DISK ARRAY: READ DISK 1 BLOCK 1
1000 DISK ARRAY: READ DISK 1 BLOCK 2
1000 DISK ARRAY: READ DISK 1 BLOCK 3
1000 DISK ARRAY: READ DISK 1 BLOCK 4
1000 FAIL 0
DISK ARRAY: FAIL DISK 0
	 READS: 5
	WRITES: 5
READ 0 10
DISK ARRAY: READ DISK 0 BLOCK 0
ERROR DISK ARRAY: READ DISK 0 BLOCK 1
ERROR DISK ARRAY: READ DISK 0 BLOCK 2
ERROR DISK ARRAY: READ DISK 0 BLOCK 3
ERROR DISK ARRAY: READ DISK 0 BLOCK 4
ERROR DISK ARRAY: READ DISK 1 BLOCK 0
1000 DISK ARRAY: READ DISK 1 BLOCK 1
1000 DISK ARRAY: READ DISK 1 BLOCK 2
1000 DISK ARRAY: READ DISK 1 BLOCK 3
1000 DISK ARRAY: READ DISK 1 BLOCK 4
1000 FAIL 2
DISK ARRAY: FAIL DISK 2
	 READS: 0
	WRITES: 0
WRITE 0 15 2000
DISK ARRAY: WRITE DISK 0 BLOCK 0
DISK ARRAY: WRITE DISK 0 BLOCK 1
DISK ARRAY: WRITE DISK 0 BLOCK 2
DISK ARRAY: WRITE DISK 0 BLOCK 3
DISK ARRAY: WRITE DISK 0 BLOCK 4
DISK ARRAY: WRITE DISK 1 BLOCK 0
DISK ARRAY: WRITE DISK 1 BLOCK 1
DISK ARRAY: WRITE DISK 1 BLOCK 2
DISK ARRAY: WRITE DISK 1 BLOCK 3
DISK ARRAY: WRITE DISK 1 BLOCK 4
DISK ARRAY: WRITE DISK 2 BLOCK 0
DISK ARRAY: WRITE DISK 2 BLOCK 1
DISK ARRAY: WRITE DISK 2 BLOCK 2
DISK ARRAY: WRITE DISK 2 BLOCK 3
DISK ARRAY: WRITE DISK 2 BLOCK 4
ERROR RECOVER 0
DISK ARRAY: RECOVER DISK 0
RECOVER 2
DISK ARRAY: RECOVER DISK 2
WRITE 0 15 2000
DISK ARRAY: WRITE DISK 0 BLOCK 0
DISK ARRAY: WRITE DISK 0 BLOCK 1
DISK ARRAY: WRITE DISK 0 BLOCK 2
DISK ARRAY: WRITE DISK 0 BLOCK 3
DISK ARRAY: WRITE DISK 0 BLOCK 4
DISK ARRAY: WRITE DISK 1 BLOCK 0
DISK ARRAY: WRITE DISK 1 BLOCK 1
DISK ARRAY: WRITE DISK 1 BLOCK 2
DISK ARRAY: WRITE DISK 1 BLOCK 3
DISK ARRAY: WRITE DISK 1 BLOCK 4
DISK ARRAY: WRITE DISK 2 BLOCK 0
DISK ARRAY: WRITE DISK 2 BLOCK 1
DISK ARRAY: WRITE DISK 2 BLOCK 2
DISK ARRAY: WRITE DISK 2 BLOCK 3
DISK ARRAY: WRITE DISK 2 BLOCK 4
READ 0 15
DISK ARRAY: READ DISK 0 BLOCK 0
2000 DISK ARRAY: READ DISK 0 BLOCK 1
2000 DISK ARRAY: READ DISK 0 BLOCK 2
2000 DISK ARRAY: READ DISK 0 BLOCK 3
2000 DISK ARRAY: READ DISK 0 BLOCK 4
2000 DISK ARRAY: READ DISK 1 BLOCK 0
2000 DISK ARRAY: READ DISK 1 BLOCK 1
2000 DISK ARRAY: READ DISK 1 BLOCK 2
2000 DISK ARRAY: READ DISK 1 BLOCK 3
2000 DISK ARRAY: READ DISK 1 BLOCK 4
2000 DISK ARRAY: READ DISK 2 BLOCK 0
2000 DISK ARRAY: READ DISK 2 BLOCK 1
2000 DISK ARRAY: READ DISK 2 BLOCK 2
2000 DISK ARRAY: READ DISK 2 BLOCK 3
2000 DISK ARRAY: READ DISK 2 BLOCK 4
2000 FAIL 2
DISK ARRAY: FAIL DISK 2
	 READS: 5
	WRITES: 5
FAIL 3
DISK ARRAY: FAIL DISK 3
	 READS: 0
	WRITES: 0
READ 0 20
DISK ARRAY: READ DISK 0 BLOCK 0
2000 DISK ARRAY: READ DISK 0 BLOCK 1
2000 DISK ARRAY: READ DISK 0 BLOCK 2
2000 DISK ARRAY: READ DISK 0 BLOCK 3
2000 DISK ARRAY: READ DISK 0 BLOCK 4
2000 DISK ARRAY: READ DISK 1 BLOCK 0
2000 DISK ARRAY: READ DISK 1 BLOCK 1
2000 DISK ARRAY: READ DISK 1 BLOCK 2
2000 DISK ARRAY: READ DISK 1 BLOCK 3
2000 DISK ARRAY: READ DISK 1 BLOCK 4
2000 DISK ARRAY: READ DISK 2 BLOCK 0
ERROR DISK ARRAY: READ DISK 2 BLOCK 1
ERROR DISK ARRAY: READ DISK 2 BLOCK 2
ERROR DISK ARRAY: READ DISK 2 BLOCK 3
ERROR DISK ARRAY: READ DISK 2 BLOCK 4
ERROR DISK ARRAY: READ DISK 3 BLOCK 0
ERROR DISK ARRAY: READ DISK 3 BLOCK 1
ERROR DISK ARRAY: READ DISK 3 BLOCK 2
ERROR DISK ARRAY: READ DISK 3 BLOCK 3
ERROR DISK ARRAY: READ DISK 3 BLOCK 4
ERROR END
STATS FOR DISK 0
	 READS: 10
	WRITES: 5
STATS FOR DISK 1
	 READS: 20
	WRITES: 15
STATS FOR DISK 4
	 READS: 0
	WRITES: 0
STATS FOR DISK 5
	 READS: 0
	WRITES: 0
STATS FOR DISK 6
	 READS: 0
	WRITES: 0
STATS FOR DISK 7
	 READS: 0
	WRITES: 0
STATS FOR DISK 8
	 READS: 0
	WRITES: 0
STATS FOR DISK 9
	 READS: 0
	WRITES: 0
